[측정] 사람 네모 긴 변 49.7%~70.0% · 중심 이탈 중앙값 0.161  (n=40)
■ 병변 2,500장 + 정상 586장 (VL01)
■ 1단계 stage1_effnetv2_s_f320_384_moderate_photometric
■ 2단계 3팔: stage2_convnextv2_base_m2.5_384_n121k_moderate, stage2_effnetv2_s_f320_384_moderate, stage2_effnetv2_s_m2.5_384_moderate
   400/3,086  1.5분
   800/3,086  3.1분
   1,200/3,086  4.6분
   1,600/3,086  6.2분
   2,000/3,086  7.7분
   2,400/3,086  9.2분
   2,800/3,086  10.6분

■ 표본 3,064장 · 11.8분

■ 계열 4군 커버리지 (오답률 20% 목표, 헛알림 포함)
    라벨 네모    50.3%  (1,541장)
    사용자 네모  22.4%  (686장)
    차이         -27.9%p   상대 -55.5%

■ ★ 왜 그만큼 무너지나 — 두 몫으로 가릅니다
                            전부 말했을 때 정확도        확신도 변별력(AUROC)
    라벨 네모                          67.6%                0.7192
    사용자 네모                         61.7%                0.6484
    차이                             -5.8%               -0.0707
    → 정확도가 주로 빠지면 **덜 맞히는 것**,
      AUROC 가 주로 빠지면 **틀렸는데 확신하는 것**입니다.

⚠️ VL01 기준 — 커버리지에서는 **비관적**인 청크였습니다 (STEP 29·31).
   이 값은 '전체에서의 하락폭' 이 아니라 **하락의 눈금**입니다.
원본: C:\Users\403\deeplearning_test\reports\user_bbox_coverage.json
