[측정] 사람 네모 긴 변 49.7%~70.0% · 중심 이탈 중앙값 0.161  (n=40)
■ fold 0 · 병변 2,500 + 정상 586 · 청크 {'TL02': 1371, 'TL01': 901, 'VL01': 228}
■ 1단계 stage1_effnetv2_s_f320_384_n233k_moderate_photometric (raw 문턱 0.1466) · 2단계 3팔 · 검출기 /Users/gayeon/deeplearning_test/data/work/detect_step50/detect_best.pt

■ 표본 3,065장 · 180.3분

■ 계열 4군 커버리지 (오답률 20% 목표, 헛알림 포함) · 1단계 recall (raw 문턱)
    조건                  커버리지      장수       계열정확도(병변)    1단계 recall     헛알림
    label                    52.2%   1,601           79.8%         86.8%   34.0%
    user                     30.9%     946           75.7%         72.9%   34.3%
    center                   19.8%     606           69.8%         63.3%   33.1%
    fixed                    29.3%     897           75.7%         72.9%   34.3%
    detect                   34.1%   1,046           74.7%         84.8%   52.0%
    detect_fixed             26.4%     810           73.2%         84.8%   52.0%
    uwdetect                 19.8%     607           67.3%         87.8%   52.9%
    user1_detect2            26.2%     802           74.7%         72.9%   34.3%
    user1_detect_fixed2      21.2%     651           73.2%         72.9%   34.3%
    user1_uwdetect2          15.3%     468           67.3%         72.9%   34.3%
    user1_mw1080             27.6%     847           74.1%         72.9%   34.3%
    user1_mw800              32.1%     985           75.9%         72.9%   34.3%
    user1_mw640              30.0%     920           75.7%         72.9%   34.3%
    user1_multiwin           34.6%   1,061           78.2%         72.9%   34.3%

■ ★ STEP 54 다중 창(사용자 중심 (1080, 800, 640), 2단계 확률 평균, 재학습 0): user1_multiwin − user = +3.8%p  (관문 +5%p)

■ ★ 배선 '검출기는 2단계에만' (1단계는 사용자 중심 그대로): user1_detect2 − user = -4.7%p

■ ★ 관문: detect − user = +3.3%p  (문턱 +5%)  · 메울 수 있던 폭 21.4%p 중 15% 회복
    하한선(center) 대비 +14.4%p
    → **구분 불가**  (사전등록 STEP50 의 세 문장 중 하나)

■ 밴드 (병변만 n=2,479) 둘 다 39.7% · 배율 79.1% · 위치 49.0% · 중심 오차 중앙값 0.103 · 하한선 둘 다 7.6%
■ 사용자 창(640) 안 검출: 둘 다 10.0% · 위치 61.1% · 중심 오차 중앙값 0.075

⚠️ 릴리스 팔 로컬 구성 기준 — 3팔(STEP 39)과 절대값 비교 금지. 결론은 같은 실행 안의 차이입니다.
원본: reports/detect_coverage_step53_safe_3arm.json
